python : 
test_processing_resize (test
s.test_senses.TestSenses.tes
t_processing_resize) ... ok
At line:1 char:1
+ python -m unittest 
tests.test_senses -v > 
test_output.txt 2>&1
+ ~~~~~~~~~~~~~~~~~~~~~~~~~~
~~~~~~~~~~~~~~~~~~~~~~~~~~~~
~~~~~~~~
    + CategoryInfo          
    : NotSpecified: (test_  
  processing..._resize) .   
 .. ok:String) [], Remot    
eException
    + FullyQualifiedErrorId 
    : NativeCommandError
 
test_stream (tests.test_sens
es.TestSenses.test_stream) 
... FAIL

============================
============================
==============
FAIL: test_stream (tests.tes
t_senses.TestSenses.test_str
eam)
----------------------------
----------------------------
--------------
Traceback (most recent call 
last):
  File "C:\Users\omkar\OneDr
ive\Documents\GitHub\saguaro
\tests\test_senses.py", 
line 100, in test_stream
    
asyncio.run(run_stream())
  File "C:\Python312\Lib\asy
ncio\runners.py", line 194, 
in run
    return runner.run(main)
           ^^^^^^^^^^^^^^^^
  File "C:\Python312\Lib\asy
ncio\runners.py", line 118, 
in run
    return self._loop.run_un
til_complete(task)
           ^^^^^^^^^^^^^^^^^
^^^^^^^^^^^^^^^^^^
  File "C:\Python312\Lib\asy
ncio\base_events.py", line 
687, in run_until_complete
    return future.result()
           ^^^^^^^^^^^^^^^
  File "C:\Users\omkar\OneDr
ive\Documents\GitHub\saguaro
\tests\test_senses.py", 
line 94, in run_stream
    self.assertIsInstance(co
ntent, MockContent)
AssertionError: <MagicMock 
name='mock.types.Content()' 
id='2597019178128'> is not 
an instance of <class 'tests
.test_senses.MockContent'>

----------------------------
----------------------------
--------------
Ran 2 tests in 0.057s

FAILED (failures=1)
